
> frontend@0.0.0 test:coverage
> vitest run --coverage ChatModal.test.jsx


 RUN  v4.0.4 D:/team3-mon-fall25/frontend
      Coverage enabled with v8

node.exe : stderr | src/components/chat/ChatModal.test.jsx
At C:\Program Files\nodejs\npm.ps1:29 char:3
+   & $NODE_EXE $NPM_CLI_JS $args
+   ~~~~~~~~~~~~~~~~~~~~~~~~~~~~~
    + CategoryInfo          : NotSpecified: (stderr | src/co...tModal.test.jsx:String) [], RemoteException
    + FullyQualifiedErrorId : NativeCommandError
 
Could not parse CSS stylesheet

stderr | src/components/chat/ChatModal.test.jsx
Could not parse CSS stylesheet

stderr | src/components/chat/ChatModal.test.jsx
Could not parse CSS stylesheet

stderr | src/components/chat/ChatModal.test.jsx
Could not parse CSS stylesheet

stderr | src/components/chat/ChatModal.test.jsx
Could not parse CSS stylesheet

stderr | src/components/chat/ChatModal.test.jsx
Could not parse CSS stylesheet

stdout | src/components/chat/ChatModal.test.jsx > ChatModal > Rendering > renders when open is true
ChatModal render: {
  open: true,
  asPage: false,
  conversationsCount: 2,
  activeConversationId: '1'
}

stdout | src/components/chat/ChatModal.test.jsx > ChatModal > Rendering > does not render when open is false
ChatModal render: {
  open: false,
  asPage: false,
  conversationsCount: 2,
  activeConversationId: '1'
}
ChatModal: not rendering because open is false

stdout | src/components/chat/ChatModal.test.jsx > ChatModal > Rendering > renders conversation list
ChatModal render: {
  open: true,
  asPage: false,
  conversationsCount: 2,
  activeConversationId: '1'
}

stdout | src/components/chat/ChatModal.test.jsx > ChatModal > Rendering > renders chat window when conversation is selected
ChatModal render: {
  open: true,
  asPage: false,
  conversationsCount: 2,
  activeConversationId: '1'
}

stdout | src/components/chat/ChatModal.test.jsx > ChatModal > Rendering > shows empty state when no conversation is selected
ChatModal render: {
  open: true,
  asPage: false,
  conversationsCount: 0,
  activeConversationId: null
}

stdout | src/components/chat/ChatModal.test.jsx > ChatModal > User interactions > calls onOpenChange when close button is clicked
ChatModal render: {
  open: true,
  asPage: false,
  conversationsCount: 2,
  activeConversationId: '1'
}

stdout | src/components/chat/ChatModal.test.jsx > ChatModal > User interactions > renders overlay in full-page mode
ChatModal render: {
  open: true,
  asPage: true,
  conversationsCount: 2,
  activeConversationId: '1'
}

stdout | src/components/chat/ChatModal.test.jsx > ChatModal > User interactions > calls onSendMessage when message is sent
ChatModal render: {
  open: true,
  asPage: false,
  conversationsCount: 2,
  activeConversationId: '1'
}

stdout | src/components/chat/ChatModal.test.jsx > ChatModal > User interactions > calls onListingClick when listing is clicked
ChatModal render: {
  open: true,
  asPage: false,
  conversationsCount: 2,
  activeConversationId: '1'
}

stdout | src/components/chat/ChatModal.test.jsx > ChatModal > Initial conversation > opens with initialConversationId when provided
ChatModal render: {
  open: true,
  asPage: false,
  conversationsCount: 2,
  activeConversationId: '2'
}
ChatModal render: {
  open: true,
  asPage: false,
  conversationsCount: 2,
  activeConversationId: '2'
}

stdout | src/components/chat/ChatModal.test.jsx > ChatModal > Initial conversation > opens with first conversation when no initialConversationId
ChatModal render: {
  open: true,
  asPage: false,
  conversationsCount: 2,
  activeConversationId: '1'
}

stdout | src/components/chat/ChatModal.test.jsx > ChatModal > Full page toggle > toggles full page mode when maximize/minimize button is clicked
ChatModal render: {
  open: true,
  asPage: false,
  conversationsCount: 2,
  activeConversationId: '1'
}

stdout | src/components/chat/ChatModal.test.jsx > ChatModal > Full page toggle > toggles full page mode when maximize/minimize button is clicked
ChatModal render: {
  open: true,
  asPage: false,
  conversationsCount: 2,
  activeConversationId: '1'
}
ChatModal render: {
  open: true,
  asPage: false,
  conversationsCount: 2,
  activeConversationId: '1'
}

stdout | src/components/chat/ChatModal.test.jsx > ChatModal > Full page toggle > toggles full page mode when maximize/minimize button is clicked
ChatModal render: {
  open: true,
  asPage: false,
  conversationsCount: 2,
  activeConversationId: '1'
}

stdout | src/components/chat/ChatModal.test.jsx > ChatModal > Full page toggle > does not call onFullPageChange when not provided
ChatModal render: {
  open: true,
  asPage: false,
  conversationsCount: 2,
  activeConversationId: '1'
}

stdout | src/components/chat/ChatModal.test.jsx > ChatModal > Full page toggle > does not call onFullPageChange when not provided
ChatModal render: {
  open: true,
  asPage: false,
  conversationsCount: 2,
  activeConversationId: '1'
}
ChatModal render: {
  open: true,
  asPage: false,
  conversationsCount: 2,
  activeConversationId: '1'
}

stdout | src/components/chat/ChatModal.test.jsx > ChatModal > Mobile view > hides conversation list when conversation is selected on mobile
ChatModal render: {
  open: true,
  asPage: false,
  conversationsCount: 2,
  activeConversationId: '1'
}
ChatModal render: {
  open: true,
  asPage: false,
  conversationsCount: 2,
  activeConversationId: '1'
}

stdout | src/components/chat/ChatModal.test.jsx > ChatModal > Mobile view > hides conversation list when conversation is selected on mobile
ChatModal render: {
  open: true,
  asPage: false,
  conversationsCount: 2,
  activeConversationId: '1'
}

stdout | src/components/chat/ChatModal.test.jsx > ChatModal > Mobile view > shows back button and returns to conversation list when clicked
ChatModal render: {
  open: true,
  asPage: false,
  conversationsCount: 2,
  activeConversationId: '1'
}
ChatModal render: {
  open: true,
  asPage: false,
  conversationsCount: 2,
  activeConversationId: '1'
}

stdout | src/components/chat/ChatModal.test.jsx > ChatModal > Mobile view > hides conversation list when initialConversationId is provided on mobile
ChatModal render: {
  open: true,
  asPage: false,
  conversationsCount: 2,
  activeConversationId: '1'
}
ChatModal render: {
  open: true,
  asPage: false,
  conversationsCount: 2,
  activeConversationId: '1'
}
ChatModal render: {
  open: true,
  asPage: false,
  conversationsCount: 2,
  activeConversationId: '1'
}

stdout | src/components/chat/ChatModal.test.jsx > ChatModal > Window resize > updates mobile state when window is resized
ChatModal render: {
  open: true,
  asPage: false,
  conversationsCount: 2,
  activeConversationId: '1'
}
ChatModal render: {
  open: true,
  asPage: false,
  conversationsCount: 2,
  activeConversationId: '1'
}
ChatModal render: {
  open: true,
  asPage: false,
  conversationsCount: 2,
  activeConversationId: '1'
}
ChatModal render: {
  open: true,
  asPage: false,
  conversationsCount: 2,
  activeConversationId: '1'
}
ChatModal render: {
  open: true,
  asPage: false,
  conversationsCount: 2,
  activeConversationId: '1'
}

stdout | src/components/chat/ChatModal.test.jsx > ChatModal > Conversation selection > calls onConversationSelect when conversation is selected and messages are available
ChatModal render: {
  open: true,
  asPage: false,
  conversationsCount: 2,
  activeConversationId: '1'
}

stdout | src/components/chat/ChatModal.test.jsx > ChatModal > Conversation selection > does not call onConversationSelect when messages are not available
ChatModal render: {
  open: true,
  asPage: false,
  conversationsCount: 2,
  activeConversationId: '1'
}

stdout | src/components/chat/ChatModal.test.jsx > ChatModal > Conversation selection > calls onConversationSelect when manually selecting a conversation
ChatModal render: {
  open: true,
  asPage: false,
  conversationsCount: 2,
  activeConversationId: '1'
}

stdout | src/components/chat/ChatModal.test.jsx > ChatModal > Load older messages > calls onLoadOlder when load older button is clicked
ChatModal render: {
  open: true,
  asPage: false,
  conversationsCount: 2,
  activeConversationId: '1'
}

stdout | src/components/chat/ChatModal.test.jsx > ChatModal > Load older messages > handles missing onLoadOlder callback gracefully
ChatModal render: {
  open: true,
  asPage: false,
  conversationsCount: 2,
  activeConversationId: '1'
}

stdout | src/components/chat/ChatModal.test.jsx > ChatModal > Dragging > handles drag start on header in windowed mode
ChatModal render: {
  open: true,
  asPage: false,
  conversationsCount: 2,
  activeConversationId: '1'
}

stdout | src/components/chat/ChatModal.test.jsx > ChatModal > Dragging > does not start drag when clicking on button
ChatModal render: {
  open: true,
  asPage: false,
  conversationsCount: 2,
  activeConversationId: '1'
}

stdout | src/components/chat/ChatModal.test.jsx > ChatModal > Message sending > does not send message when no active conversation
ChatModal render: {
  open: true,
  asPage: false,
  conversationsCount: 0,
  activeConversationId: null
}

stdout | src/components/chat/ChatModal.test.jsx > ChatModal > Edge cases > handles empty conversations array
ChatModal render: {
  open: true,
  asPage: false,
  conversationsCount: 0,
  activeConversationId: null
}

stdout | src/components/chat/ChatModal.test.jsx > ChatModal > Edge cases > handles missing messages for conversation
ChatModal render: {
  open: true,
  asPage: false,
  conversationsCount: 2,
  activeConversationId: '1'
}

stdout | src/components/chat/ChatModal.test.jsx > ChatModal > Edge cases > handles empty messages array for active conversation
ChatModal render: {
  open: true,
  asPage: false,
  conversationsCount: 2,
  activeConversationId: '1'
}

stdout | src/components/chat/ChatModal.test.jsx > ChatModal > Edge cases > handles missing nextBefore for conversation
ChatModal render: {
  open: true,
  asPage: false,
  conversationsCount: 2,
  activeConversationId: '1'
}

stdout | src/components/chat/ChatModal.test.jsx > ChatModal > Edge cases > auto-selects first conversation when conversations are loaded
ChatModal render: {
  open: true,
  asPage: false,
  conversationsCount: 0,
  activeConversationId: null
}
ChatModal render: {
  open: true,
  asPage: false,
  conversationsCount: 2,
  activeConversationId: null
}
ChatModal render: {
  open: true,
  asPage: false,
  conversationsCount: 2,
  activeConversationId: '1'
}

stdout | src/components/chat/ChatModal.test.jsx > ChatModal > onLoadOlder optional callback > renders without error when onLoadOlder is not provided
ChatModal render: {
  open: true,
  asPage: false,
  conversationsCount: 2,
  activeConversationId: '1'
}

stdout | src/components/chat/ChatModal.test.jsx > ChatModal > onLoadOlder optional callback > handles onLoadOlder being undefined when load older is clicked
ChatModal render: {
  open: true,
  asPage: false,
  conversationsCount: 2,
  activeConversationId: '1'
}

stdout | src/components/chat/ChatModal.test.jsx > ChatModal > externalOnConversationSelect optional callback > handles conversation selection when externalOnConversationSelect is not provided
ChatModal render: {
  open: true,
  asPage: false,
  conversationsCount: 2,
  activeConversationId: '1'
}

stdout | src/components/chat/ChatModal.test.jsx > ChatModal > externalOnConversationSelect optional callback > handles conversation selection when externalOnConversationSelect is not provided
ChatModal render: {
  open: true,
  asPage: false,
  conversationsCount: 2,
  activeConversationId: '1'
}
ChatModal render: {
  open: true,
  asPage: false,
  conversationsCount: 2,
  activeConversationId: '1'
}

stdout | src/components/chat/ChatModal.test.jsx > ChatModal > onListingClick optional callback > renders without error when onListingClick is not provided
ChatModal render: {
  open: true,
  asPage: false,
  conversationsCount: 2,
  activeConversationId: '1'
}

stdout | src/components/chat/ChatModal.test.jsx > ChatModal > externalOnConversationSelect branch coverage > calls externalOnConversationSelect when conversation is selected manually
ChatModal render: {
  open: true,
  asPage: false,
  conversationsCount: 2,
  activeConversationId: '1'
}

stdout | src/components/chat/ChatModal.test.jsx > ChatModal > externalOnConversationSelect branch coverage > calls externalOnConversationSelect when conversation is selected manually
ChatModal render: {
  open: true,
  asPage: false,
  conversationsCount: 2,
  activeConversationId: '1'
}
ChatModal render: {
  open: true,
  asPage: false,
  conversationsCount: 2,
  activeConversationId: '1'
}

stdout | src/components/chat/ChatModal.test.jsx > ChatModal > handleBack function > shows conversation list when back button is clicked on mobile
ChatModal render: {
  open: true,
  asPage: false,
  conversationsCount: 2,
  activeConversationId: '1'
}
ChatModal render: {
  open: true,
  asPage: false,
  conversationsCount: 2,
  activeConversationId: '1'
}
ChatModal render: {
  open: true,
  asPage: false,
  conversationsCount: 2,
  activeConversationId: '1'
}

stdout | src/components/chat/ChatModal.test.jsx > ChatModal > handleBack function > shows conversation list when back button is clicked on mobile
ChatModal render: {
  open: true,
  asPage: false,
  conversationsCount: 2,
  activeConversationId: '1'
}

stdout | src/components/chat/ChatModal.test.jsx > ChatModal > externalOnConversationSelect with empty messages > does not call externalOnConversationSelect when messages array is empty
ChatModal render: {
  open: true,
  asPage: false,
  conversationsCount: 2,
  activeConversationId: '1'
}
ChatModal render: {
  open: true,
  asPage: false,
  conversationsCount: 2,
  activeConversationId: '1'
}

stdout | src/components/chat/ChatModal.test.jsx > ChatModal > handleSend with no active conversation > does not send message when activeConversationId is null
ChatModal render: {
  open: true,
  asPage: false,
  conversationsCount: 0,
  activeConversationId: null
}

stdout | src/components/chat/ChatModal.test.jsx > ChatModal > dragging edge cases > handles case where modalRef getBoundingClientRect returns null
ChatModal render: {
  open: true,
  asPage: false,
  conversationsCount: 2,
  activeConversationId: '1'
}

stdout | src/components/chat/ChatModal.test.jsx > ChatModal > dragging edge cases > handles mouse move when not dragging
ChatModal render: {
  open: true,
  asPage: false,
  conversationsCount: 2,
  activeConversationId: '1'
}

stdout | src/components/chat/ChatModal.test.jsx > ChatModal > dragging edge cases > handles mouse move when modalRef is null
ChatModal render: {
  open: true,
  asPage: false,
  conversationsCount: 2,
  activeConversationId: '1'
}

stdout | src/components/chat/ChatModal.test.jsx > ChatModal > mobile view edge cases > handles null activeConversation in mobile view for full-page mode
ChatModal render: {
  open: true,
  asPage: true,
  conversationsCount: 2,
  activeConversationId: '999'
}
ChatModal render: {
  open: true,
  asPage: true,
  conversationsCount: 2,
  activeConversationId: '999'
}
ChatModal render: {
  open: true,
  asPage: true,
  conversationsCount: 2,
  activeConversationId: '999'
}

stdout | src/components/chat/ChatModal.test.jsx > ChatModal > mobile view edge cases > handles null activeConversation in mobile view for windowed mode
ChatModal render: {
  open: true,
  asPage: false,
  conversationsCount: 2,
  activeConversationId: '999'
}
ChatModal render: {
  open: true,
  asPage: false,
  conversationsCount: 2,
  activeConversationId: '999'
}
ChatModal render: {
  open: true,
  asPage: false,
  conversationsCount: 2,
  activeConversationId: '999'
}

stdout | src/components/chat/ChatModal.test.jsx > ChatModal > onLoadOlder callback coverage > calls onLoadOlder when provided in full-page mode
ChatModal render: {
  open: true,
  asPage: true,
  conversationsCount: 2,
  activeConversationId: '1'
}

stdout | src/components/chat/ChatModal.test.jsx > ChatModal > onLoadOlder callback coverage > handles onLoadOlder being undefined in full-page mode
ChatModal render: {
  open: true,
  asPage: true,
  conversationsCount: 2,
  activeConversationId: '1'
}

stdout | src/components/chat/ChatModal.test.jsx > ChatModal > dragging header element null check > handles case where headerRef.current becomes null
ChatModal render: {
  open: true,
  asPage: false,
  conversationsCount: 2,
  activeConversationId: '1'
}

stdout | src/components/chat/ChatModal.test.jsx > ChatModal > full-page mode desktop view > renders desktop view in full-page mode
ChatModal render: {
  open: true,
  asPage: true,
  conversationsCount: 2,
  activeConversationId: '1'
}

stdout | src/components/chat/ChatModal.test.jsx > ChatModal > windowed mode desktop view > renders desktop view in windowed mode
ChatModal render: {
  open: true,
  asPage: false,
  conversationsCount: 2,
  activeConversationId: '1'
}

 Γ¥» src/components/chat/ChatModal.test.jsx (48 tests | 8 failed) 9879ms
       Γ£ô renders when open is true  370ms
       Γ£ô does not render when open is false 11ms
       Γ£ô renders conversation list 77ms
       ├ù renders chat window when conversation is selected 114ms
       ├ù shows empty state when no conversation is selected 88ms
       Γ£ô calls onOpenChange when close button is clicked  860ms
       Γ£ô renders overlay in full-page mode 219ms
       ├ù calls onSendMessage when message is sent 95ms
       ├ù calls onListingClick when listing is clicked 58ms
       Γ£ô opens with initialConversationId when provided 97ms
       ├ù opens with first conversation when no initialConversationId 79ms
       Γ£ô toggles full page mode when maximize/minimize button is clicked  1104ms
       Γ£ô does not call onFullPageChange when not provided  422ms
       Γ£ô hides conversation list when conversation is selected on mobile  514ms
       Γ£ô shows back button and returns to conversation list when clicked 189ms
       Γ£ô hides conversation list when initialConversationId is provided on mobile 258ms
       Γ£ô updates mobile state when window is resized 186ms
       ├ù calls onConversationSelect when conversation is selected and messages are available 2109ms
       Γ£ô does not call onConversationSelect when messages are not available 54ms
       Γ£ô calls onConversationSelect when manually selecting a conversation 55ms
       Γ£ô calls onLoadOlder when load older button is clicked 77ms
       Γ£ô handles missing onLoadOlder callback gracefully 60ms
       Γ£ô handles drag start on header in windowed mode 75ms
       Γ£ô does not start drag when clicking on button 65ms
       ├ù does not send message when no active conversation 51ms
       Γ£ô handles empty conversations array 61ms
       ├ù handles missing messages for conversation 54ms
       Γ£ô handles empty messages array for active conversation 33ms
       Γ£ô handles missing nextBefore for conversation 68ms
       Γ£ô auto-selects first conversation when conversations are loaded 141ms
       Γ£ô renders without error when onLoadOlder is not provided 54ms
       Γ£ô handles onLoadOlder being undefined when load older is clicked 71ms
       Γ£ô handles conversation selection when externalOnConversationSelect is not provided  381ms
       Γ£ô renders without error when onListingClick is not provided 62ms
       Γ£ô calls externalOnConversationSelect when conversation is selected manually  338ms
       Γ£ô shows conversation list when back button is clicked on mobile  319ms
       Γ£ô does not call externalOnConversationSelect when messages array is empty 84ms
       Γ£ô does not send message when activeConversationId is null 32ms
       Γ£ô handles case where modalRef getBoundingClientRect returns null 193ms
       Γ£ô handles mouse move when not dragging 49ms
       Γ£ô handles mouse move when modalRef is null 56ms
       Γ£ô handles null activeConversation in mobile view for full-page mode 65ms
       Γ£ô handles null activeConversation in mobile view for windowed mode 70ms
       Γ£ô calls onLoadOlder when provided in full-page mode 118ms
       Γ£ô handles onLoadOlder being undefined in full-page mode 115ms
       Γ£ô handles case where headerRef.current becomes null 45ms
       Γ£ô renders desktop view in full-page mode 121ms
       Γ£ô renders desktop view in windowed mode 43ms

ΓÄ»ΓÄ»ΓÄ»ΓÄ»ΓÄ»ΓÄ»ΓÄ» Failed Tests 8 ΓÄ»ΓÄ»ΓÄ»ΓÄ»ΓÄ»ΓÄ»ΓÄ»

 FAIL  src/components/chat/ChatModal.test.jsx > ChatModal > Rendering > renders chat window when conversation is 
selected
Error: expect(received).toBeInTheDocument()

received value must be an HTMLElement or an SVGElement.
Received has type:  Undefined
Received has value: undefined
 Γ¥» src/components/chat/ChatModal.test.jsx:132:31
    130|         el.classList.contains("user-info-block__name")
    131|       );
    132|       expect(chatWindowAlice).toBeInTheDocument();
       |                               ^
    133|     });
    134| 

ΓÄ»ΓÄ»ΓÄ»ΓÄ»ΓÄ»ΓÄ»ΓÄ»ΓÄ»ΓÄ»ΓÄ»ΓÄ»ΓÄ»ΓÄ»ΓÄ»ΓÄ»ΓÄ»ΓÄ»ΓÄ»ΓÄ»ΓÄ»ΓÄ»ΓÄ»ΓÄ»ΓÄ»[1/8]ΓÄ»

 FAIL  src/components/chat/ChatModal.test.jsx > ChatModal > Rendering > shows empty state when no conversation is 
selected
TestingLibraryElementError: Unable to find an element with the text: Select a conversation to start messaging. This 
could be because the text is broken up by multiple elements. In this case, you can provide a function for your text 
matcher to make your matcher more flexible.

Ignored nodes: comments, script, style
[36m<body>[39m
  [36m<div>[39m
    [36m<div[39m
      [33mclass[39m=[32m"chat-modal chat-modal--windowed chat-modal--collapsed"[39m
      [33mstyle[39m=[32m"position: fixed; left: 624px; top: 64px; width: 400px; height: calc(100vh - 64px); margin: 
0px; pointer-events: auto; z-index: 1001; transition: left 0.3s ease;"[39m
    [36m>[39m
      [36m<div[39m
        [33mclass[39m=[32m"chat-modal__header"[39m
      [36m>[39m
        [36m<div[39m
          [33mclass[39m=[32m"chat-modal__header-left"[39m
        [36m>[39m
          [36m<svg[39m
            [33mclass[39m=[32m"chat-modal__icon"[39m
            [33mfill[39m=[32m"currentColor"[39m
            [33mheight[39m=[32m"1em"[39m
            [33mstroke[39m=[32m"currentColor"[39m
            [33mstroke-width[39m=[32m"0"[39m
            [33mviewBox[39m=[32m"0 0 576 512"[39m
            [33mwidth[39m=[32m"1em"[39m
            [33mxmlns[39m=[32m"http://www.w3.org/2000/svg"[39m
          [36m>[39m
            [36m<path[39m
              [33md[39m=[32m"M416 192c0-88.4-93.1-160-208-160S0 103.6 0 192c0 34.3 14.1 65.9 38 92-13.4 30.2-35.5 
54.2-35.8 54.5-2.2 2.3-2.8 5.7-1.5 8.7S4.8 352 8 352c36.6 0 66.9-12.3 88.7-25 32.2 15.7 70.3 25 111.3 25 114.9 0 
208-71.6 208-160zm122 220c23.9-26 38-57.7 38-92 0-66.9-53.5-124.2-129.3-148.1.9 6.6 1.3 13.3 1.3 20.1 0 105.9-107.7 
192-240 192-10.8 0-21.3-.8-31.7-1.9C207.8 439.6 281.8 480 368 480c41 0 79.1-9.2 111.3-25 21.8 12.7 52.1 25 88.7 25 3.2 
0 6.1-1.9 7.3-4.8 1.3-2.9.7-6.3-1.5-8.7-.3-.3-22.4-24.2-35.8-54.5z"[39m
            [36m/>[39m
          [36m</svg>[39m
          [36m<h2[39m
            [33mclass[39m=[32m"chat-modal__title"[39m
          [36m>[39m
            [0mMessages[0m
          [36m</h2>[39m
        [36m</div>[39m
        [36m<div[39m
          [33mclass[39m=[32m"chat-modal__header-actions"[39m
        [36m>[39m
          [36m<button[39m
            [33maria-label[39m=[32m"Maximize"[39m
            [33mclass[39m=[32m"chat-modal__action-button"[39m
            [33mtitle[39m=[32m"Maximize"[39m
          [36m>[39m
            [36m<svg[39m
              [33mfill[39m=[32m"currentColor"[39m
              [33mheight[39m=[32m"1em"[39m
              [33mstroke[39m=[32m"currentColor"[39m
              [33mstroke-width[39m=[32m"0"[39m
              [33mviewBox[39m=[32m"0 0 448 512"[39m
              [33mwidth[39m=[32m"1em"[39m
              [33mxmlns[39m=[32m"http://www.w3.org/2000/svg"[39m
            [36m>[39m
              [36m<path[39m
                [33md[39m=[32m"M0 180V56c0-13.3 10.7-24 24-24h124c6.6 0 12 5.4 12 12v40c0 6.6-5.4 12-12 12H64v84c0 
6.6-5.4 12-12 12H12c-6.6 0-12-5.4-12-12zM288 44v40c0 6.6 5.4 12 12 12h84v84c0 6.6 5.4 12 12 12h40c6.6 0 12-5.4 
12-12V56c0-13.3-10.7-24-24-24H300c-6.6 0-12 5.4-12 12zm148 276h-40c-6.6 0-12 5.4-12 12v84h-84c-6.6 0-12 5.4-12 12v40c0 
6.6 5.4 12 12 12h124c13.3 0 24-10.7 24-24V332c0-6.6-5.4-12-12-12zM160 
468v-40c0-6.6-5.4-12-12-12H64v-84c0-6.6-5.4-12-12-12H12c-6.6 0-12 5.4-12 12v124c0 13.3 10.7 24 24 24h124c6.6 0 12-5.4 
12-12z"[39m
              [36m/>[39m
            [36m</svg>[39m
          [36m</button>[39m
          [36m<button[39m
            [33maria-label[39m=[32m"Close"[39m
            [33mclass[39m=[32m"chat-modal__close-button"[39m
          [36m>[39m
            [36m<svg[39m
              [33mfill[39m=[32m"currentColor"[39m
              [33mheight[39m=[32m"1em"[39m
              [33mstroke[39m=[32m"currentColor"[39m
              [33mstroke-width[39m=[32m"0"[39m
              [33mviewBox[39m=[32m"0 0 352 512"[39m
              [33mwidth[39m=[32m"1em"[39m
              [33mxmlns[39m=[32m"http://www.w3.org/2000/svg"[39m
            [36m>[39m
              [36m<path[39m
                [33md[39m=[32m"M242.72 256l100.07-100.07c12.28-12.28 12.28-32.19 
0-44.48l-22.24-22.24c-12.28-12.28-32.19-12.28-44.48 0L176 189.28 75.93 89.21c-12.28-12.28-32.19-12.28-44.48 0L9.21 
111.45c-12.28 12.28-12.28 32.19 0 44.48L109.28 256 9.21 356.07c-12.28 12.28-12.28 32.19 0 44.48l22.24 22.24c12.28 
12.28 32.2 12.28 44.48 0L176 322.72l100.07 100.07c12.28 12.28 32.2 12.28 44.48 0l22.24-22.24c12.28-12.28 12.28-32.19 
0-44.48L242.72 256z"[39m
              [36m/>[39m
            [36m</svg>[39m
          [36m</button>[39m
        [36m</div>[39m
      [36m</div>[39m
      [36m<div[39m
        [33mclass[39m=[32m"chat-modal__content"[39m
      [36m>[39m
        [36m<div[39m
          [33mclass[39m=[32m"chat-modal__panel chat-modal__panel--full"[39m
        [36m>[39m
          [36m<div[39m
            [33mclass[39m=[32m"conversation-list"[39m
          [36m>[39m
            [36m<div[39m
              [33mclass[39m=[32m"conversation-list__search"[39m
            [36m>[39m
              [36m<svg[39m
                [33mclass[39m=[32m"conversation-list__search-icon"[39m
                [33mfill[39m=[32m"currentColor"[39m
                [33mheight[39m=[32m"1em"[39m
                [33mstroke[39m=[32m"currentColor"[39m
                [33mstroke-width[39m=[32m"0"[39m
                [33mviewBox[39m=[32m"0 0 512 512"[39m
                [33mwidth[39m=[32m"1em"[39m
                [33mxmlns[39m=[32m"http://www.w3.org/2000/svg"[39m
              [36m>[39m
                [36m<path[39m
                  [33md[39m=[32m"M505 442.7L405.3 343c-4.5-4.5-10.6-7-17-7H372c27.6-35.3 44-79.7 44-128C416 93.1 
322.9 0 208 0S0 93.1 0 208s93.1 208 208 208c48.3 0 92.7-16.4 128-44v16.3c0 6.4 2.5 12.5 7 17l99.7 99.7c9.4 9.4 24.6 
9.4 33.9 0l28.3-28.3c9.4-9.4 9.4-24.6.1-34zM208 336c-70.7 0-128-57.2-128-128 0-70.7 57.2-128 128-128 70.7 0 128 57.2 
128 128 0 70.7-57.2 128-128 128z"[39m
                [36m/>[39m
              [36m</svg>[39m
              [36m<input[39m
                [33mclass[39m=[32m"conversation-list__search-input"[39m
                [33mplaceholder[39m=[32m"Search conversations..."[39m
                [33mtype[39m=[32m"text"[39m
                [33mvalue[39m=[32m""[39m
              [36m/>[39m
            [36m</div>[39m
            [36m<div[39m
              [33mclass[39m=[32m"conversation-list__filters"[39m
            [36m>[39m
              [36m<button[39m
                [33mclass[39m=[32m"conversation-list__filter-tab conversation-list__filter-tab--active"[39m
              [36m>[39m
                [0mAll[0m
              [36m</button>[39m
              [36m<button[39m
                [33mclass[39m=[32m"conversation-list__filter-tab "[39m
              [36m>[39m
                [0mBuying[0m
              [36m</button>[39m
              [36m<button[39m
                [33mclass[39m=[32m"conversation-list__filter-tab "[39m
              [36m>[39m
                [0mSelling[0m
              [36m</button>[39m
            [36m</div>[39m
            [36m<div[39m
              [33mclass[39m=[32m"conversation-list__items"[39m
            [36m>[39m
              [36m<div[39m
                [33mclass[39m=[32m"conversation-list__empty"[39m
              [36m>[39m
                [36m<p[39m
                  [33mclass[39m=[32m"conversation-list__empty-text"[39m
                [36m>[39m
                  [0mNo conversations yet[0m
                [36m</p>[39m
                [36m<p[39m
                  [33mclass[39m=[32m"conversation-list__empty-subtext"[39m
                [36m>[39m
                  [0mStart chatting with sellers or buyers to see your messages here[0m
                [36m</p>[39m
              [36m</div>[39m
            [36m</div>[39m
          [36m</div>[39m
        [36m</div>[39m
      [36m</div>[39m
    [36m</div>[39m
  [36m</div>[39m
[36m</body>[39m
 Γ¥» Object.getElementError node_modules/@testing-library/dom/dist/config.js:37:19
 Γ¥» node_modules/@testing-library/dom/dist/query-helpers.js:76:38
 Γ¥» node_modules/@testing-library/dom/dist/query-helpers.js:52:17
 Γ¥» node_modules/@testing-library/dom/dist/query-helpers.js:95:19
 Γ¥» src/components/chat/ChatModal.test.jsx:146:21
    144|         />
    145|       );
    146|       expect(screen.getByText("Select a conversation to start messaginΓÇª
       |                     ^
    147|     });
    148|   });

ΓÄ»ΓÄ»ΓÄ»ΓÄ»ΓÄ»ΓÄ»ΓÄ»ΓÄ»ΓÄ»ΓÄ»ΓÄ»ΓÄ»ΓÄ»ΓÄ»ΓÄ»ΓÄ»ΓÄ»ΓÄ»ΓÄ»ΓÄ»ΓÄ»ΓÄ»ΓÄ»ΓÄ»[2/8]ΓÄ»

 FAIL  src/components/chat/ChatModal.test.jsx > ChatModal > User interactions > calls onSendMessage when message is 
sent
TestingLibraryElementError: Unable to find an element with the placeholder text of: Type a message...

Ignored nodes: comments, script, style
[36m<body>[39m
  [36m<div>[39m
    [36m<div[39m
      [33mclass[39m=[32m"chat-modal chat-modal--windowed chat-modal--collapsed"[39m
      [33mstyle[39m=[32m"position: fixed; left: 624px; top: 64px; width: 400px; height: calc(100vh - 64px); margin: 
0px; pointer-events: auto; z-index: 1001; transition: left 0.3s ease;"[39m
    [36m>[39m
      [36m<div[39m
        [33mclass[39m=[32m"chat-modal__header"[39m
      [36m>[39m
        [36m<div[39m
          [33mclass[39m=[32m"chat-modal__header-left"[39m
        [36m>[39m
          [36m<svg[39m
            [33mclass[39m=[32m"chat-modal__icon"[39m
            [33mfill[39m=[32m"currentColor"[39m
            [33mheight[39m=[32m"1em"[39m
            [33mstroke[39m=[32m"currentColor"[39m
            [33mstroke-width[39m=[32m"0"[39m
            [33mviewBox[39m=[32m"0 0 576 512"[39m
            [33mwidth[39m=[32m"1em"[39m
            [33mxmlns[39m=[32m"http://www.w3.org/2000/svg"[39m
          [36m>[39m
            [36m<path[39m
              [33md[39m=[32m"M416 192c0-88.4-93.1-160-208-160S0 103.6 0 192c0 34.3 14.1 65.9 38 92-13.4 30.2-35.5 
54.2-35.8 54.5-2.2 2.3-2.8 5.7-1.5 8.7S4.8 352 8 352c36.6 0 66.9-12.3 88.7-25 32.2 15.7 70.3 25 111.3 25 114.9 0 
208-71.6 208-160zm122 220c23.9-26 38-57.7 38-92 0-66.9-53.5-124.2-129.3-148.1.9 6.6 1.3 13.3 1.3 20.1 0 105.9-107.7 
192-240 192-10.8 0-21.3-.8-31.7-1.9C207.8 439.6 281.8 480 368 480c41 0 79.1-9.2 111.3-25 21.8 12.7 52.1 25 88.7 25 3.2 
0 6.1-1.9 7.3-4.8 1.3-2.9.7-6.3-1.5-8.7-.3-.3-22.4-24.2-35.8-54.5z"[39m
            [36m/>[39m
          [36m</svg>[39m
          [36m<h2[39m
            [33mclass[39m=[32m"chat-modal__title"[39m
          [36m>[39m
            [0mMessages[0m
          [36m</h2>[39m
        [36m</div>[39m
        [36m<div[39m
          [33mclass[39m=[32m"chat-modal__header-actions"[39m
        [36m>[39m
          [36m<button[39m
            [33maria-label[39m=[32m"Maximize"[39m
            [33mclass[39m=[32m"chat-modal__action-button"[39m
            [33mtitle[39m=[32m"Maximize"[39m
          [36m>[39m
            [36m<svg[39m
              [33mfill[39m=[32m"currentColor"[39m
              [33mheight[39m=[32m"1em"[39m
              [33mstroke[39m=[32m"currentColor"[39m
              [33mstroke-width[39m=[32m"0"[39m
              [33mviewBox[39m=[32m"0 0 448 512"[39m
              [33mwidth[39m=[32m"1em"[39m
              [33mxmlns[39m=[32m"http://www.w3.org/2000/svg"[39m
            [36m>[39m
              [36m<path[39m
                [33md[39m=[32m"M0 180V56c0-13.3 10.7-24 24-24h124c6.6 0 12 5.4 12 12v40c0 6.6-5.4 12-12 12H64v84c0 
6.6-5.4 12-12 12H12c-6.6 0-12-5.4-12-12zM288 44v40c0 6.6 5.4 12 12 12h84v84c0 6.6 5.4 12 12 12h40c6.6 0 12-5.4 
12-12V56c0-13.3-10.7-24-24-24H300c-6.6 0-12 5.4-12 12zm148 276h-40c-6.6 0-12 5.4-12 12v84h-84c-6.6 0-12 5.4-12 12v40c0 
6.6 5.4 12 12 12h124c13.3 0 24-10.7 24-24V332c0-6.6-5.4-12-12-12zM160 
468v-40c0-6.6-5.4-12-12-12H64v-84c0-6.6-5.4-12-12-12H12c-6.6 0-12 5.4-12 12v124c0 13.3 10.7 24 24 24h124c6.6 0 12-5.4 
12-12z"[39m
              [36m/>[39m
            [36m</svg>[39m
          [36m</button>[39m
          [36m<button[39m
            [33maria-label[39m=[32m"Close"[39m
            [33mclass[39m=[32m"chat-modal__close-button"[39m
          [36m>[39m
            [36m<svg[39m
              [33mfill[39m=[32m"currentColor"[39m
              [33mheight[39m=[32m"1em"[39m
              [33mstroke[39m=[32m"currentColor"[39m
              [33mstroke-width[39m=[32m"0"[39m
              [33mviewBox[39m=[32m"0 0 352 512"[39m
              [33mwidth[39m=[32m"1em"[39m
              [33mxmlns[39m=[32m"http://www.w3.org/2000/svg"[39m
            [36m>[39m
              [36m<path[39m
                [33md[39m=[32m"M242.72 256l100.07-100.07c12.28-12.28 12.28-32.19 
0-44.48l-22.24-22.24c-12.28-12.28-32.19-12.28-44.48 0L176 189.28 75.93 89.21c-12.28-12.28-32.19-12.28-44.48 0L9.21 
111.45c-12.28 12.28-12.28 32.19 0 44.48L109.28 256 9.21 356.07c-12.28 12.28-12.28 32.19 0 44.48l22.24 22.24c12.28 
12.28 32.2 12.28 44.48 0L176 322.72l100.07 100.07c12.28 12.28 32.2 12.28 44.48 0l22.24-22.24c12.28-12.28 12.28-32.19 
0-44.48L242.72 256z"[39m
              [36m/>[39m
            [36m</svg>[39m
          [36m</button>[39m
        [36m</div>[39m
      [36m</div>[39m
      [36m<div[39m
        [33mclass[39m=[32m"chat-modal__content"[39m
      [36m>[39m
        [36m<div[39m
          [33mclass[39m=[32m"chat-modal__panel chat-modal__panel--full"[39m
        [36m>[39m
          [36m<div[39m
            [33mclass[39m=[32m"conversation-list"[39m
          [36m>[39m
            [36m<div[39m
              [33mclass[39m=[32m"conversation-list__search"[39m
            [36m>[39m
              [36m<svg[39m
                [33mclass[39m=[32m"conversation-list__search-icon"[39m
                [33mfill[39m=[32m"currentColor"[39m
                [33mheight[39m=[32m"1em"[39m
                [33mstroke[39m=[32m"currentColor"[39m
                [33mstroke-width[39m=[32m"0"[39m
                [33mviewBox[39m=[32m"0 0 512 512"[39m
                [33mwidth[39m=[32m"1em"[39m
                [33mxmlns[39m=[32m"http://www.w3.org/2000/svg"[39m
              [36m>[39m
                [36m<path[39m
                  [33md[39m=[32m"M505 442.7L405.3 343c-4.5-4.5-10.6-7-17-7H372c27.6-35.3 44-79.7 44-128C416 93.1 
322.9 0 208 0S0 93.1 0 208s93.1 208 208 208c48.3 0 92.7-16.4 128-44v16.3c0 6.4 2.5 12.5 7 17l99.7 99.7c9.4 9.4 24.6 
9.4 33.9 0l28.3-28.3c9.4-9.4 9.4-24.6.1-34zM208 336c-70.7 0-128-57.2-128-128 0-70.7 57.2-128 128-128 70.7 0 128 57.2 
128 128 0 70.7-57.2 128-128 128z"[39m
                [36m/>[39m
              [36m</svg>[39m
              [36m<input[39m
                [33mclass[39m=[32m"conversation-list__search-input"[39m
                [33mplaceholder[39m=[32m"Search conversations..."[39m
                [33mtype[39m=[32m"text"[39m
                [33mvalue[39m=[32m""[39m
              [36m/>[39m
            [36m</div>[39m
            [36m<div[39m
              [33mclass[39m=[32m"conversation-list__filters"[39m
            [36m>[39m
              [36m<button[39m
                [33mclass[39m=[32m"conversation-list__filter-tab conversation-list__filter-tab--active"[39m
              [36m>[39m
                [0mAll[0m
              [36m</button>[39m
              [36m<button[39m
                [33mclass[39m=[32m"conversation-list__filter-tab "[39m
              [36m>[39m
                [0mBuying[0m
              [36m</button>[39m
              [36m<button[39m
                [33mclass[39m=[32m"conversation-list__filter-tab "[39m
              [36m>[39m
                [0mSelling[0m
              [36m</button>[39m
            [36m</div>[39m
            [36m<div[39m
              [33mclass[39m=[32m"conversation-list__items"[39m
            [36m>[39m
              [36m<button[39m
                [33mclass[39m=[32m"conversation-item conversation-item--active conversation-item--unread"[39m
              [36m>[39m
                [36m<div[39m
                  [33mclass[39m=[32m"conversation-item__content"[39m
                [36m>[39m
                  [36m<div[39m
                    [33mclass[39m=[32m"conversation-item__thumbnail"[39m
                  [36m>[39m
                    [36m<div[39m
                      [33mclass[39m=[32m"conversation-item__thumbnail-placeholder"[39m
                    [36m>[39m
                      [0mL[0m
                    [36m</div>[39m
                  [36m</div>[39m
                  [36m<div[39m
                    [33mclass[39m=[32m"conversation-item__info"[39m
                  [36m>[39m
                    [36m<div[39m
                      [33mclass[39m=[32m"conversation-item__header"[39m
                    [36m>[39m
                      [36m<h3[39m
                        [33mclass[39m=[32m"conversation-item__title conversation-item__title--unread"[39m
                      [36m>[39m
                        [0mLaptop[0m
                      [36m</h3>[39m
                    [36m</div>[39m
                    [36m<div[39m
                      [33mclass[39m=[32m"conversation-item__user-row"[39m
                    [36m>[39m
                      [36m<span[39m
                        [33mclass[39m=[32m"conversation-item__username conversation-item__username--unread"[39m
                      [36m>[39m
                        [0mAlice[0m
                      [36m</span>[39m
                    [36m</div>[39m
                    [36m<div[39m
                      [33mclass[39m=[32m"conversation-item__message-row"[39m
                    [36m>[39m
                      [36m<p[39m
                        [33mclass[39m=[32m"conversation-item__preview conversation-item__preview--unread"[39m
                      [36m>[39m
                        [36m<span[39m
                          [33mclass[39m=[32m"conversation-item__you-label"[39m
                        [36m>[39m
                          [0mYou: [0m
                        [36m</span>[39m
                        [0mStart the conversationΓÇª[0m
                      [36m</p>[39m
                      [36m<span[39m
                        [33mclass[39m=[32m"conversation-item__badge"[39m
                      [36m>[39m
                        [0m2[0m
                      [36m</span>[39m
                    [36m</div>[39m
                  [36m</div>[39m
                [36m</div>[39m
              [36m</button>[39m
              [36m<button[39m
                [33mclass[39m=[32m"conversation-item  "[39m
              [36m>[39m
                [36m<div[39m
                  [33mclass[39m=[32m"conversation-item__content"[39m
                [36m>[39m
                  [36m<div[39m
                    [33mclass[39m=[32m"conversation-item__thumbnail"[39m
                  [36m>[39m
                    [36m<div[39m
                      [33mclass[39m=[32m"conversation-item__thumbnail-placeholder"[39m
                    [36m>[39m
                      [0mP[0m
                    [36m</div>[39m
                  [36m</div>[39m
                  [36m<div[39m
                    [33mclass[39m=[32m"conversation-item__info"[39m
                  [36m>[39m
                    [36m<div[39m
                      [33mclass[39m=[32m"conversation-item__header"[39m
                    [36m>[39m
                      [36m<h3[39m
                        [33mclass[39m=[32m"conversation-item__title "[39m
                      [36m>[39m
                        [0mPhone[0m
                      [36m</h3>[39m
                    [36m</div>[39m
                    [36m<div[39m
                      [33mclass[39m=[32m"conversation-item__user-row"[39m
                    [36m>[39m
                      [36m<span[39m
                        [33mclass[39m=[32m"conversation-item__username "[39m
                      [36m>[39m
                        [0mBob[0m
                      [36m</span>[39m
                    [36m</div>[39m
                    [36m<div[39m
                      [33mclass[39m=[32m"conversation-item__message-row"[39m
                    [36m>[39m
                      [36m<p[39m
                        [33mclass[39m=[32m"conversation-item__preview "[39m
                      [36m>[39m
                        [36m<span[39m
                          [33mclass[39m=[32m"conversation-item__you-label"[39m
                        [36m>[39m
                          [0mYou: [0m
                        [36m</span>[39m
                        [0mStart the conversationΓÇª[0m
                      [36m</p>[39m
                    [36m</div>[39m
                  [36m</div>[39m
                [36m</div>[39m
              [36m</button>[39m
            [36m</div>[39m
          [36m</div>[39m
        [36m</div>[39m
      [36m</div>[39m
    [36m</div>[39m
  [36m</div>[39m
[36m</body>[39m
 Γ¥» Object.getElementError node_modules/@testing-library/dom/dist/config.js:37:19
 Γ¥» node_modules/@testing-library/dom/dist/query-helpers.js:76:38
 Γ¥» node_modules/@testing-library/dom/dist/query-helpers.js:52:17
 Γ¥» node_modules/@testing-library/dom/dist/query-helpers.js:95:19
 Γ¥» src/components/chat/ChatModal.test.jsx:203:28
    201|         />
    202|       );
    203|       const input = screen.getByPlaceholderText("Type a message...");
       |                            ^
    204|       await user.type(input, "Test message{Enter}");
    205|       expect(mockOnSendMessage).toHaveBeenCalledWith("1", "Test messagΓÇª

ΓÄ»ΓÄ»ΓÄ»ΓÄ»ΓÄ»ΓÄ»ΓÄ»ΓÄ»ΓÄ»ΓÄ»ΓÄ»ΓÄ»ΓÄ»ΓÄ»ΓÄ»ΓÄ»ΓÄ»ΓÄ»ΓÄ»ΓÄ»ΓÄ»ΓÄ»ΓÄ»ΓÄ»[3/8]ΓÄ»

 FAIL  src/components/chat/ChatModal.test.jsx > ChatModal > User interactions > calls onListingClick when listing is 
clicked
Error: expect(received).toBeInTheDocument()

received value must be an HTMLElement or an SVGElement.
Received has type:  Undefined
Received has value: undefined
 Γ¥» src/components/chat/ChatModal.test.jsx:227:28
    225|         el.classList.contains("chat-window__listing-title")
    226|       );
    227|       expect(listingTitle).toBeInTheDocument();
       |                            ^
    228|       // Get the button that contains the listing title
    229|       const listingButton = listingTitle.closest("button");

ΓÄ»ΓÄ»ΓÄ»ΓÄ»ΓÄ»ΓÄ»ΓÄ»ΓÄ»ΓÄ»ΓÄ»ΓÄ»ΓÄ»ΓÄ»ΓÄ»ΓÄ»ΓÄ»ΓÄ»ΓÄ»ΓÄ»ΓÄ»ΓÄ»ΓÄ»ΓÄ»ΓÄ»[4/8]ΓÄ»

 FAIL  src/components/chat/ChatModal.test.jsx > ChatModal > Initial conversation > opens with first conversation when 
no initialConversationId
Error: expect(received).toBeInTheDocument()

received value must be an HTMLElement or an SVGElement.
Received has type:  Undefined
Received has value: undefined
 Γ¥» src/components/chat/ChatModal.test.jsx:278:31
    276|         el.classList.contains("user-info-block__name")
    277|       );
    278|       expect(chatWindowAlice).toBeInTheDocument();
       |                               ^
    279|     });
    280|   });

ΓÄ»ΓÄ»ΓÄ»ΓÄ»ΓÄ»ΓÄ»ΓÄ»ΓÄ»ΓÄ»ΓÄ»ΓÄ»ΓÄ»ΓÄ»ΓÄ»ΓÄ»ΓÄ»ΓÄ»ΓÄ»ΓÄ»ΓÄ»ΓÄ»ΓÄ»ΓÄ»ΓÄ»[5/8]ΓÄ»

 FAIL  src/components/chat/ChatModal.test.jsx > ChatModal > Conversation selection > calls onConversationSelect when 
conversation is selected and messages are available
AssertionError: expected "vi.fn()" to be called with arguments: [ '1' ]

Number of calls: 0


Ignored nodes: comments, script, style
[36m<html>[39m
  [36m<head />[39m
  [36m<body>[39m
    [36m<div>[39m
      [36m<div[39m
        [33mclass[39m=[32m"chat-modal chat-modal--windowed chat-modal--collapsed"[39m
        [33mstyle[39m=[32m"position: fixed; left: 624px; top: 64px; width: 400px; height: calc(100vh - 64px); 
margin: 0px; pointer-events: auto; z-index: 1001; transition: left 0.3s ease;"[39m
      [36m>[39m
        [36m<div[39m
          [33mclass[39m=[32m"chat-modal__header"[39m
        [36m>[39m
          [36m<div[39m
            [33mclass[39m=[32m"chat-modal__header-left"[39m
          [36m>[39m
            [36m<svg[39m
              [33mclass[39m=[32m"chat-modal__icon"[39m
              [33mfill[39m=[32m"currentColor"[39m
              [33mheight[39m=[32m"1em"[39m
              [33mstroke[39m=[32m"currentColor"[39m
              [33mstroke-width[39m=[32m"0"[39m
              [33mviewBox[39m=[32m"0 0 576 512"[39m
              [33mwidth[39m=[32m"1em"[39m
              [33mxmlns[39m=[32m"http://www.w3.org/2000/svg"[39m
            [36m>[39m
              [36m<path[39m
                [33md[39m=[32m"M416 192c0-88.4-93.1-160-208-160S0 103.6 0 192c0 34.3 14.1 65.9 38 92-13.4 30.2-35.5 
54.2-35.8 54.5-2.2 2.3-2.8 5.7-1.5 8.7S4.8 352 8 352c36.6 0 66.9-12.3 88.7-25 32.2 15.7 70.3 25 111.3 25 114.9 0 
208-71.6 208-160zm122 220c23.9-26 38-57.7 38-92 0-66.9-53.5-124.2-129.3-148.1.9 6.6 1.3 13.3 1.3 20.1 0 105.9-107.7 
192-240 192-10.8 0-21.3-.8-31.7-1.9C207.8 439.6 281.8 480 368 480c41 0 79.1-9.2 111.3-25 21.8 12.7 52.1 25 88.7 25 3.2 
0 6.1-1.9 7.3-4.8 1.3-2.9.7-6.3-1.5-8.7-.3-.3-22.4-24.2-35.8-54.5z"[39m
              [36m/>[39m
            [36m</svg>[39m
            [36m<h2[39m
              [33mclass[39m=[32m"chat-modal__title"[39m
            [36m>[39m
              [0mMessages[0m
            [36m</h2>[39m
          [36m</div>[39m
          [36m<div[39m
            [33mclass[39m=[32m"chat-modal__header-actions"[39m
          [36m>[39m
            [36m<button[39m
              [33maria-label[39m=[32m"Maximize"[39m
              [33mclass[39m=[32m"chat-modal__action-button"[39m
              [33mtitle[39m=[32m"Maximize"[39m
            [36m>[39m
              [36m<svg[39m
                [33mfill[39m=[32m"currentColor"[39m
                [33mheight[39m=[32m"1em"[39m
                [33mstroke[39m=[32m"currentColor"[39m
                [33mstroke-width[39m=[32m"0"[39m
                [33mviewBox[39m=[32m"0 0 448 512"[39m
                [33mwidth[39m=[32m"1em"[39m
                [33mxmlns[39m=[32m"http://www.w3.org/2000/svg"[39m
              [36m>[39m
                [36m<path[39m
                  [33md[39m=[32m"M0 180V56c0-13.3 10.7-24 24-24h124c6.6 0 12 5.4 12 12v40c0 6.6-5.4 12-12 
12H64v84c0 6.6-5.4 12-12 12H12c-6.6 0-12-5.4-12-12zM288 44v40c0 6.6 5.4 12 12 12h84v84c0 6.6 5.4 12 12 12h40c6.6 0 
12-5.4 12-12V56c0-13.3-10.7-24-24-24H300c-6.6 0-12 5.4-12 12zm148 276h-40c-6.6 0-12 5.4-12 12v84h-84c-6.6 0-12 5.4-12 
12v40c0 6.6 5.4 12 12 12h124c13.3 0 24-10.7 24-24V332c0-6.6-5.4-12-12-12zM160 
468v-40c0-6.6-5.4-12-12-12H64v-84c0-6.6-5.4-12-12-12H12c-6.6 0-12 5.4-12 12v124c0 13.3 10.7 24 24 24h124c6.6 0 12-5.4 
12-12z"[39m
                [36m/>[39m
              [36m</svg>[39m
            [36m</button>[39m
            [36m<button[39m
              [33maria-label[39m=[32m"Close"[39m
              [33mclass[39m=[32m"chat-modal__close-button"[39m
            [36m>[39m
              [36m<svg[39m
                [33mfill[39m=[32m"currentColor"[39m
                [33mheight[39m=[32m"1em"[39m
                [33mstroke[39m=[32m"currentColor"[39m
                [33mstroke-width[39m=[32m"0"[39m
                [33mviewBox[39m=[32m"0 0 352 512"[39m
                [33mwidth[39m=[32m"1em"[39m
                [33mxmlns[39m=[32m"http://www.w3.org/2000/svg"[39m
              [36m>[39m
                [36m<path[39m
                  [33md[39m=[32m"M242.72 256l100.07-100.07c12.28-12.28 12.28-32.19 
0-44.48l-22.24-22.24c-12.28-12.28-32.19-12.28-44.48 0L176 189.28 75.93 89.21c-12.28-12.28-32.19-12.28-44.48 0L9.21 
111.45c-12.28 12.28-12.28 32.19 0 44.48L109.28 256 9.21 356.07c-12.28 12.28-12.28 32.19 0 44.48l22.24 22.24c12.28 
12.28 32.2 12.28 44.48 0L176 322.72l100.07 100.07c12.28 12.28 32.2 12.28 44.48 0l22.24-22.24c12.28-12.28 12.28-32.19 
0-44.48L242.72 256z"[39m
                [36m/>[39m
              [36m</svg>[39m
            [36m</button>[39m
          [36m</div>[39m
        [36m</div>[39m
        [36m<div[39m
          [33mclass[39m=[32m"chat-modal__content"[39m
        [36m>[39m
          [36m<div[39m
            [33mclass[39m=[32m"chat-modal__panel chat-modal__panel--full"[39m
          [36m>[39m
            [36m<div[39m
              [33mclass[39m=[32m"conversation-list"[39m
            [36m>[39m
              [36m<div[39m
                [33mclass[39m=[32m"conversation-list__search"[39m
              [36m>[39m
                [36m<svg[39m
                  [33mclass[39m=[32m"conversation-list__search-icon"[39m
                  [33mfill[39m=[32m"currentColor"[39m
                  [33mheight[39m=[32m"1em"[39m
                  [33mstroke[39m=[32m"currentColor"[39m
                  [33mstroke-width[39m=[32m"0"[39m
                  [33mviewBox[39m=[32m"0 0 512 512"[39m
                  [33mwidth[39m=[32m"1em"[39m
                  [33mxmlns[39m=[32m"http://www.w3.org/2000/svg"[39m
                [36m>[39m
                  [36m<path[39m
                    [33md[39m=[32m"M505 442.7L405.3 343c-4.5-4.5-10.6-7-17-7H372c27.6-35.3 44-79.7 44-128C416 93.1 
322.9 0 208 0S0 93.1 0 208s93.1 208 208 208c48.3 0 92.7-16.4 128-44v16.3c0 6.4 2.5 12.5 7 17l99.7 99.7c9.4 9.4 24.6 
9.4 33.9 0l28.3-28.3c9.4-9.4 9.4-24.6.1-34zM208 336c-70.7 0-128-57.2-128-128 0-70.7 57.2-128 128-128 70.7 0 128 57.2 
128 128 0 70.7-57.2 128-128 128z"[39m
                  [36m/>[39m
                [36m</svg>[39m
                [36m<input[39m
                  [33mclass[39m=[32m"conversation-list__search-input"[39m
                  [33mplaceholder[39m=[32m"Search conversations..."[39m
                  [33mtype[39m=[32m"text"[39m
                  [33mvalue[39m=[32m""[39m
                [36m/>[39m
              [36m</div>[39m
              [36m<div[39m
                [33mclass[39m=[32m"conversation-list__filters"[39m
              [36m>[39m
                [36m<button[39m
                  [33mclass[39m=[32m"conversation-list__filter-tab conversation-list__filter-tab--active"[39m
                [36m>[39m
                  [0mAll[0m
                [36m</button>[39m
                [36m<button[39m
                  [33mclass[39m=[32m"conversation-list__filter-tab "[39m
                [36m>[39m
     ...
 Γ¥» __vi_import_2__.waitFor.timeout src/components/chat/ChatModal.test.jsx:528:42
    526|       // Wait for messages to load and onConversationSelect to be callΓÇª
    527|       await waitFor(() => {
    528|         expect(mockOnConversationSelect).toHaveBeenCalledWith("1");
       |                                          ^
    529|       }, { timeout: 2000 });
    530|     });
 Γ¥» runWithExpensiveErrorDiagnosticsDisabled node_modules/@testing-library/dom/dist/config.js:47:12
 Γ¥» checkCallback node_modules/@testing-library/dom/dist/wait-for.js:124:77
 Γ¥» Timeout.checkRealTimersCallback node_modules/@testing-library/dom/dist/wait-for.js:118:16

ΓÄ»ΓÄ»ΓÄ»ΓÄ»ΓÄ»ΓÄ»ΓÄ»ΓÄ»ΓÄ»ΓÄ»ΓÄ»ΓÄ»ΓÄ»ΓÄ»ΓÄ»ΓÄ»ΓÄ»ΓÄ»ΓÄ»ΓÄ»ΓÄ»ΓÄ»ΓÄ»ΓÄ»[6/8]ΓÄ»

 FAIL  src/components/chat/ChatModal.test.jsx > ChatModal > Message sending > does not send message when no active 
conversation
TestingLibraryElementError: Unable to find an element with the text: Select a conversation to start messaging. This 
could be because the text is broken up by multiple elements. In this case, you can provide a function for your text 
matcher to make your matcher more flexible.

Ignored nodes: comments, script, style
[36m<body>[39m
  [36m<div>[39m
    [36m<div[39m
      [33mclass[39m=[32m"chat-modal chat-modal--windowed chat-modal--collapsed"[39m
      [33mstyle[39m=[32m"position: fixed; left: 624px; top: 64px; width: 400px; height: calc(100vh - 64px); margin: 
0px; pointer-events: auto; z-index: 1001; transition: left 0.3s ease;"[39m
    [36m>[39m
      [36m<div[39m
        [33mclass[39m=[32m"chat-modal__header"[39m
      [36m>[39m
        [36m<div[39m
          [33mclass[39m=[32m"chat-modal__header-left"[39m
        [36m>[39m
          [36m<svg[39m
            [33mclass[39m=[32m"chat-modal__icon"[39m
            [33mfill[39m=[32m"currentColor"[39m
            [33mheight[39m=[32m"1em"[39m
            [33mstroke[39m=[32m"currentColor"[39m
            [33mstroke-width[39m=[32m"0"[39m
            [33mviewBox[39m=[32m"0 0 576 512"[39m
            [33mwidth[39m=[32m"1em"[39m
            [33mxmlns[39m=[32m"http://www.w3.org/2000/svg"[39m
          [36m>[39m
            [36m<path[39m
              [33md[39m=[32m"M416 192c0-88.4-93.1-160-208-160S0 103.6 0 192c0 34.3 14.1 65.9 38 92-13.4 30.2-35.5 
54.2-35.8 54.5-2.2 2.3-2.8 5.7-1.5 8.7S4.8 352 8 352c36.6 0 66.9-12.3 88.7-25 32.2 15.7 70.3 25 111.3 25 114.9 0 
208-71.6 208-160zm122 220c23.9-26 38-57.7 38-92 0-66.9-53.5-124.2-129.3-148.1.9 6.6 1.3 13.3 1.3 20.1 0 105.9-107.7 
192-240 192-10.8 0-21.3-.8-31.7-1.9C207.8 439.6 281.8 480 368 480c41 0 79.1-9.2 111.3-25 21.8 12.7 52.1 25 88.7 25 3.2 
0 6.1-1.9 7.3-4.8 1.3-2.9.7-6.3-1.5-8.7-.3-.3-22.4-24.2-35.8-54.5z"[39m
            [36m/>[39m
          [36m</svg>[39m
          [36m<h2[39m
            [33mclass[39m=[32m"chat-modal__title"[39m
          [36m>[39m
            [0mMessages[0m
          [36m</h2>[39m
        [36m</div>[39m
        [36m<div[39m
          [33mclass[39m=[32m"chat-modal__header-actions"[39m
        [36m>[39m
          [36m<button[39m
            [33maria-label[39m=[32m"Maximize"[39m
            [33mclass[39m=[32m"chat-modal__action-button"[39m
            [33mtitle[39m=[32m"Maximize"[39m
          [36m>[39m
            [36m<svg[39m
              [33mfill[39m=[32m"currentColor"[39m
              [33mheight[39m=[32m"1em"[39m
              [33mstroke[39m=[32m"currentColor"[39m
              [33mstroke-width[39m=[32m"0"[39m
              [33mviewBox[39m=[32m"0 0 448 512"[39m
              [33mwidth[39m=[32m"1em"[39m
              [33mxmlns[39m=[32m"http://www.w3.org/2000/svg"[39m
            [36m>[39m
              [36m<path[39m
                [33md[39m=[32m"M0 180V56c0-13.3 10.7-24 24-24h124c6.6 0 12 5.4 12 12v40c0 6.6-5.4 12-12 12H64v84c0 
6.6-5.4 12-12 12H12c-6.6 0-12-5.4-12-12zM288 44v40c0 6.6 5.4 12 12 12h84v84c0 6.6 5.4 12 12 12h40c6.6 0 12-5.4 
12-12V56c0-13.3-10.7-24-24-24H300c-6.6 0-12 5.4-12 12zm148 276h-40c-6.6 0-12 5.4-12 12v84h-84c-6.6 0-12 5.4-12 12v40c0 
6.6 5.4 12 12 12h124c13.3 0 24-10.7 24-24V332c0-6.6-5.4-12-12-12zM160 
468v-40c0-6.6-5.4-12-12-12H64v-84c0-6.6-5.4-12-12-12H12c-6.6 0-12 5.4-12 12v124c0 13.3 10.7 24 24 24h124c6.6 0 12-5.4 
12-12z"[39m
              [36m/>[39m
            [36m</svg>[39m
          [36m</button>[39m
          [36m<button[39m
            [33maria-label[39m=[32m"Close"[39m
            [33mclass[39m=[32m"chat-modal__close-button"[39m
          [36m>[39m
            [36m<svg[39m
              [33mfill[39m=[32m"currentColor"[39m
              [33mheight[39m=[32m"1em"[39m
              [33mstroke[39m=[32m"currentColor"[39m
              [33mstroke-width[39m=[32m"0"[39m
              [33mviewBox[39m=[32m"0 0 352 512"[39m
              [33mwidth[39m=[32m"1em"[39m
              [33mxmlns[39m=[32m"http://www.w3.org/2000/svg"[39m
            [36m>[39m
              [36m<path[39m
                [33md[39m=[32m"M242.72 256l100.07-100.07c12.28-12.28 12.28-32.19 
0-44.48l-22.24-22.24c-12.28-12.28-32.19-12.28-44.48 0L176 189.28 75.93 89.21c-12.28-12.28-32.19-12.28-44.48 0L9.21 
111.45c-12.28 12.28-12.28 32.19 0 44.48L109.28 256 9.21 356.07c-12.28 12.28-12.28 32.19 0 44.48l22.24 22.24c12.28 
12.28 32.2 12.28 44.48 0L176 322.72l100.07 100.07c12.28 12.28 32.2 12.28 44.48 0l22.24-22.24c12.28-12.28 12.28-32.19 
0-44.48L242.72 256z"[39m
              [36m/>[39m
            [36m</svg>[39m
          [36m</button>[39m
        [36m</div>[39m
      [36m</div>[39m
      [36m<div[39m
        [33mclass[39m=[32m"chat-modal__content"[39m
      [36m>[39m
        [36m<div[39m
          [33mclass[39m=[32m"chat-modal__panel chat-modal__panel--full"[39m
        [36m>[39m
          [36m<div[39m
            [33mclass[39m=[32m"conversation-list"[39m
          [36m>[39m
            [36m<div[39m
              [33mclass[39m=[32m"conversation-list__search"[39m
            [36m>[39m
              [36m<svg[39m
                [33mclass[39m=[32m"conversation-list__search-icon"[39m
                [33mfill[39m=[32m"currentColor"[39m
                [33mheight[39m=[32m"1em"[39m
                [33mstroke[39m=[32m"currentColor"[39m
                [33mstroke-width[39m=[32m"0"[39m
                [33mviewBox[39m=[32m"0 0 512 512"[39m
                [33mwidth[39m=[32m"1em"[39m
                [33mxmlns[39m=[32m"http://www.w3.org/2000/svg"[39m
              [36m>[39m
                [36m<path[39m
                  [33md[39m=[32m"M505 442.7L405.3 343c-4.5-4.5-10.6-7-17-7H372c27.6-35.3 44-79.7 44-128C416 93.1 
322.9 0 208 0S0 93.1 0 208s93.1 208 208 208c48.3 0 92.7-16.4 128-44v16.3c0 6.4 2.5 12.5 7 17l99.7 99.7c9.4 9.4 24.6 
9.4 33.9 0l28.3-28.3c9.4-9.4 9.4-24.6.1-34zM208 336c-70.7 0-128-57.2-128-128 0-70.7 57.2-128 128-128 70.7 0 128 57.2 
128 128 0 70.7-57.2 128-128 128z"[39m
                [36m/>[39m
              [36m</svg>[39m
              [36m<input[39m
                [33mclass[39m=[32m"conversation-list__search-input"[39m
                [33mplaceholder[39m=[32m"Search conversations..."[39m
                [33mtype[39m=[32m"text"[39m
                [33mvalue[39m=[32m""[39m
              [36m/>[39m
            [36m</div>[39m
            [36m<div[39m
              [33mclass[39m=[32m"conversation-list__filters"[39m

            [36m>[39m
              [36m<button[39m
                [33mclass[39m=[32m"conversation-list__filter-tab conversation-list__filter-tab--active"[39m
              [36m>[39m
                [0mAll[0m
              [36m</button>[39m
              [36m<button[39m
                [33mclass[39m=[32m"conversation-list__filter-tab "[39m
              [36m>[39m
                [0mBuying[0m
              [36m</button>[39m
              [36m<button[39m
                [33mclass[39m=[32m"conversation-list__filter-tab "[39m
              [36m>[39m
                [0mSelling[0m
              [36m</button>[39m
            [36m</div>[39m
            [36m<div[39m
              [33mclass[39m=[32m"conversation-list__items"[39m
            [36m>[39m
              [36m<div[39m
                [33mclass[39m=[32m"conversation-list__empty"[39m
              [36m>[39m
 Test Files  1 failed (1)
      Tests  8 failed | 40 passed (48)
   Start at  12:11:40
   Duration  19.32s (transform 1.23s, setup 783ms, collect 2.27s, tests 9.88s, environment 4.44s, prepare 162ms)

                [36m<p[39m
                  [33mclass[39m=[32m"conversation-list__empty-text"[39m
                [36m>[39m
                  [0mNo conversations yet[0m
                [36m</p>[39m
                [36m<p[39m
                  [33mclass[39m=[32m"conversation-list__empty-subtext"[39m
                [36m>[39m
                  [0mStart chatting with sellers or buyers to see your messages here[0m
                [36m</p>[39m
              [36m</div>[39m
            [36m</div>[39m
          [36m</div>[39m
        [36m</div>[39m
      [36m</div>[39m
    [36m</div>[39m
  [36m</div>[39m
[36m</body>[39m
 Γ¥» Object.getElementError node_modules/@testing-library/dom/dist/config.js:37:19
 Γ¥» node_modules/@testing-library/dom/dist/query-helpers.js:76:38
 Γ¥» node_modules/@testing-library/dom/dist/query-helpers.js:52:17
 Γ¥» node_modules/@testing-library/dom/dist/query-helpers.js:95:19
 Γ¥» src/components/chat/ChatModal.test.jsx:740:21
    738|       
    739|       // Should show empty state, no input available
    740|       expect(screen.getByText("Select a conversation to start messaginΓÇª
       |                     ^
    741|       expect(mockOnSendMessage).not.toHaveBeenCalled();
    742|     });

ΓÄ»ΓÄ»ΓÄ»ΓÄ»ΓÄ»ΓÄ»ΓÄ»ΓÄ»ΓÄ»ΓÄ»ΓÄ»ΓÄ»ΓÄ»ΓÄ»ΓÄ»ΓÄ»ΓÄ»ΓÄ»ΓÄ»ΓÄ»ΓÄ»ΓÄ»ΓÄ»ΓÄ»[7/8]ΓÄ»

 FAIL  src/components/chat/ChatModal.test.jsx > ChatModal > Edge cases > handles missing messages for conversation
Error: expect(received).toBeInTheDocument()

received value must be an HTMLElement or an SVGElement.
Received has type:  Undefined
Received has value: undefined
 Γ¥» src/components/chat/ChatModal.test.jsx:778:31
    776|         el.classList.contains("user-info-block__name")
    777|       );
    778|       expect(chatWindowAlice).toBeInTheDocument();
       |                               ^
    779|     });
    780| 

ΓÄ»ΓÄ»ΓÄ»ΓÄ»ΓÄ»ΓÄ»ΓÄ»ΓÄ»ΓÄ»ΓÄ»ΓÄ»ΓÄ»ΓÄ»ΓÄ»ΓÄ»ΓÄ»ΓÄ»ΓÄ»ΓÄ»ΓÄ»ΓÄ»ΓÄ»ΓÄ»ΓÄ»[8/8]ΓÄ»

